// Jest Snapshot v1, https://goo.gl/fbAQLP

exports[`AuthorShelf  Should match the snapshot 1`] = `" "`;
